// Jest Snapshot v1, https://goo.gl/fbAQLP

exports[`<VSvg> Should render the component unchanged 1`] = `
<div>
  <svg
    class="container"
    version="1.1"
    viewBox="0 0 19 22"
    xmlns="http://www.w3.org/2000/svg"
    xmlns:xlink="http://www.w3.org/1999/xlink"
  >
    
			
    <path
      d="M.607 12h5.577v-2H.607V.846A.53.53 0 0 1 .668.598.485.485 0 0 1 .835.416a.44.44 0 0 1 .46-.008l17.162 10.154a.483.483 0 0 1 .176.184.53.53 0 0 1 0 .508.483.483 0 0 1-.176.184L1.296 21.592a.438.438 0 0 1-.46-.008.484.484 0 0 1-.168-.182.53.53 0 0 1-.061-.248V12Z"
      fill="#fff"
    />
    
		
  </svg>
</div>
`;
